[tahsinscreation.com/mysite/resumate-updated/index-image.html]
[backblue.gif]
[fade.gif]
[index.html]
[tahsinscreation.com/mysite/resumate-updated/images/favicon.ico]
[tahsinscreation.com/mysite/resumate-updated/js/respond.js]
[tahsinscreation.com/mysite/resumate-updated/index.html]
[tahsinscreation.com/mysite/resumate-updated/images/logo.png]
[tahsinscreation.com/mysite/resumate-updated/images/about.jpg]
[tahsinscreation.com/mysite/resumate-updated/images/portfolio/img1.jpg]
[tahsinscreation.com/mysite/resumate-updated/images/portfolio/img2.jpg]
[tahsinscreation.com/mysite/resumate-updated/images/portfolio/img3.jpg]
[tahsinscreation.com/mysite/resumate-updated/images/portfolio/img4.jpg]
[tahsinscreation.com/mysite/resumate-updated/images/portfolio/img5.jpg]
[tahsinscreation.com/mysite/resumate-updated/images/portfolio/img6.jpg]
[tahsinscreation.com/mysite/resumate-updated/images/portfolio/img7.jpg]
[tahsinscreation.com/mysite/resumate-updated/images/portfolio/img8.jpg]
[tahsinscreation.com/mysite/resumate-updated/images/client/img1.jpg]
[tahsinscreation.com/mysite/resumate-updated/images/client/img2.jpg]
[tahsinscreation.com/mysite/resumate-updated/images/client/img3.jpg]
[tahsinscreation.com/mysite/resumate-updated/images/blog/blog-img1.jpg]
[tahsinscreation.com/mysite/resumate-updated/single-blog.html]
[tahsinscreation.com/mysite/resumate-updated/images/blog/blog-img2.jpg]
[tahsinscreation.com/mysite/resumate-updated/images/blog/blog-img3.jpg]
[tahsinscreation.com/mysite/resumate-updated/js/jquery-2.2.4.min.js]
[tahsinscreation.com/mysite/resumate-updated/js/particles.min.js]
[tahsinscreation.com/mysite/resumate-updated/js/jquery.slicknav.min.js]
[tahsinscreation.com/mysite/resumate-updated/js/owl.carousel.min.js]
[tahsinscreation.com/mysite/resumate-updated/js/mixitup.min.js]
[tahsinscreation.com/mysite/resumate-updated/js/bootstrap.min.js]
[tahsinscreation.com/mysite/resumate-updated/js/typed.js]
[tahsinscreation.com/mysite/resumate-updated/js/lightbox.js]
[tahsinscreation.com/mysite/resumate-updated/js/particlesReset.js]
[tahsinscreation.com/mysite/resumate-updated/js/jquery.waypoints.min.js]
[tahsinscreation.com/mysite/resumate-updated/js/jquery.stellar.min.js]
[tahsinscreation.com/mysite/resumate-updated/js/jquery.singlePageNav.min.js]
[tahsinscreation.com/mysite/resumate-updated/js/main.js]
[tahsinscreation.com/mysite/resumate-updated/index-image.html]
[tahsinscreation.com/mysite/resumate-updated/fonts/glyphicons-halflings-regular.eot]
[tahsinscreation.com/mysite/resumate-updated/fonts/glyphicons-halflings-regulard41d.eot]
[tahsinscreation.com/mysite/resumate-updated/fonts/glyphicons-halflings-regular.woff]
[tahsinscreation.com/mysite/resumate-updated/fonts/glyphicons-halflings-regular.ttf]
[tahsinscreation.com/mysite/resumate-updated/css/bootstrap.min.css]
[tahsinscreation.com/mysite/resumate-updated/fonts/fontawesome-webfont3e6e.eot]
[tahsinscreation.com/mysite/resumate-updated/fonts/fontawesome-webfontd41d.eot]
[tahsinscreation.com/mysite/resumate-updated/fonts/fontawesome-webfont3e6e.woff]
[tahsinscreation.com/mysite/resumate-updated/fonts/fontawesome-webfont3e6e.ttf]
[tahsinscreation.com/mysite/resumate-updated/css/font-awesome.min.css]
[tahsinscreation.com/mysite/resumate-updated/images/close.png]
[tahsinscreation.com/mysite/resumate-updated/images/loading.gif]
[tahsinscreation.com/mysite/resumate-updated/images/prev.png]
[tahsinscreation.com/mysite/resumate-updated/images/next.png]
[tahsinscreation.com/mysite/resumate-updated/css/lightbox.css]
[tahsinscreation.com/mysite/resumate-updated/css/grabbing.png]
[tahsinscreation.com/mysite/resumate-updated/css/owl.carousel.css]
[tahsinscreation.com/mysite/resumate-updated/css/AjaxLoader.gif]
[tahsinscreation.com/mysite/resumate-updated/css/owl.theme.css]
[tahsinscreation.com/mysite/resumate-updated/css/slicknav.min.css]
[tahsinscreation.com/mysite/resumate-updated/css/reset.css]
[tahsinscreation.com/mysite/resumate-updated/images/particle-bg.jpg]
[tahsinscreation.com/mysite/resumate-updated/images/img-bg.jpg]
[tahsinscreation.com/mysite/resumate-updated/images/skill-bg.jpg]
[tahsinscreation.com/mysite/resumate-updated/images/experience-bg.jpg]
[tahsinscreation.com/mysite/resumate-updated/images/contact.jpg]
[tahsinscreation.com/mysite/resumate-updated/css/style.css]
[tahsinscreation.com/mysite/resumate-updated/css/responsive.css]
[tahsinscreation.com/mysite/resumate-updated/css/animate.min.css]
[tahsinscreation.com/mysite/resumate-updated/images/preview/img1.jpg]
[tahsinscreation.com/mysite/resumate-updated/index-youtube.html]
[tahsinscreation.com/mysite/resumate-updated/images/preview/img2.jpg]
[tahsinscreation.com/mysite/resumate-updated/index-particle.html]
[tahsinscreation.com/mysite/resumate-updated/images/preview/img3.jpg]
[tahsinscreation.com/mysite/resumate-updated/images/preview/img4.jpg]
[tahsinscreation.com/mysite/resumate-updated/index.html]
[tahsinscreation.com/mysite/resumate-updated/images/blog/single-blog.jpg]
[tahsinscreation.com/mysite/resumate-updated/images/comment/img1.jpg]
[tahsinscreation.com/mysite/resumate-updated/images/comment/img2.jpg]
[tahsinscreation.com/mysite/resumate-updated/single-blog.html]
[tahsinscreation.com/mysite/resumate-updated/fonts/glyphicons-halflings-regular.html]
[tahsinscreation.com/mysite/resumate-updated/fonts/glyphicons-halflings-regular.svg]
[tahsinscreation.com/mysite/resumate-updated/fonts/fontawesome-webfont3e6e.html]
[tahsinscreation.com/mysite/resumate-updated/fonts/fontawesome-webfont3e6e.svg]
[tahsinscreation.com/mysite/resumate-updated/css/grabbing.html]
[tahsinscreation.com/mysite/resumate-updated/css/AjaxLoader.html]
[tahsinscreation.com/mysite/resumate-updated/css/preview.css]
[tahsinscreation.com/mysite/resumate-updated/js/jquery.mb.YTPlayer.src.js]
[tahsinscreation.com/mysite/resumate-updated/js/youtube-video.js]
[tahsinscreation.com/mysite/resumate-updated/index-youtube.html]
[tahsinscreation.com/mysite/resumate-updated/index-particle.html]
[tahsinscreation.com/mysite/resumate-updated/images/blog-introduce.jpg]
[tahsinscreation.com/mysite/resumate-updated/css/single-blog.css]
[tahsinscreation.com/mysite/resumate-updated/css/font/ytp-regular.51.delayed]
[tahsinscreation.com/mysite/resumate-updated/css/images/raster.png]
[tahsinscreation.com/mysite/resumate-updated/css/images/raster@2x.png]
[tahsinscreation.com/mysite/resumate-updated/css/images/raster_dot.png]
[tahsinscreation.com/mysite/resumate-updated/css/images/raster_dot@2x.png]
[tahsinscreation.com/mysite/resumate-updated/css/jquery.mb.YTPlayer.css]
[tahsinscreation.com/mysite/resumate-updated/css/font/ytp-regular.html]
[tahsinscreation.com/mysite/resumate-updated/css/images/raster.html]
[tahsinscreation.com/mysite/resumate-updated/css/images/raster@2x.html]
[tahsinscreation.com/mysite/resumate-updated/css/images/raster_dot.html]
[tahsinscreation.com/mysite/resumate-updated/css/images/raster_dot@2x.html]
